// Jest Snapshot v1, https://goo.gl/fbAQLP

exports[`ListItemInSingleOrder displays item in a single order 1`] = `
<ListItemInSingleOrder
  singleItem={
    Object {
      "price": 34.44,
    }
  }
>
  <li
    className="list-group-item d-flex justify-content-right"
    style={
      Object {
        "margin": "0px",
        "padding": "0px",
        "width": "100%",
      }
    }
  >
    <div
      className="row"
      style={
        Object {
          "margin": "0px",
          "width": "100%",
        }
      }
    >
      <div
        className="col-10 card"
        style={
          Object {
            "borderRadius": "0px",
          }
        }
      >
        <div
          className="card-body"
          style={
            Object {
              "padding": "5px 0px",
            }
          }
        >
          <h6
            className="card-title d-flex justify-content-right"
          />
          <p
            className="card-subtitle text-muted d-flex justify-content-right"
            style={
              Object {
                "textAlign": "initial",
              }
            }
          />
        </div>
      </div>
      <div
        className="col-2 card text-right"
        style={
          Object {
            "borderRadius": "0px",
          }
        }
      >
        <p
          className="card-text"
          style={
            Object {
              "margin": "5px 0 0 0",
            }
          }
        >
           x 
          34.44
        </p>
        <p
          className="card-link"
          style={
            Object {
              "margin": "0px",
            }
          }
        >
          <b>
            Rs. 
            NaN
          </b>
        </p>
      </div>
    </div>
  </li>
</ListItemInSingleOrder>
`;
