// Jest Snapshot v1, https://goo.gl/fbAQLP

exports[`OrderList displays all the orders 1`] = `
<withRouter(OrderList)
  DELETE_THIS_ORDER={[Function]}
  GET_THE_COMPLETE_ITEMS_LIST={[Function]}
  GET_THE_ORDER_LIST_FOR_THIS_USER={[Function]}
  ISLOGGEDIN={true}
  ORDERLIST={Array []}
  PREPARE_TO_EDIT_OR_VIEW_THIS_ORDER={[Function]}
  SET_THIS_ORDER_AS_CURRENT={[Function]}
>
  <Route>
    <OrderList
      DELETE_THIS_ORDER={[Function]}
      GET_THE_COMPLETE_ITEMS_LIST={[Function]}
      GET_THE_ORDER_LIST_FOR_THIS_USER={[Function]}
      ISLOGGEDIN={true}
      ORDERLIST={Array []}
      PREPARE_TO_EDIT_OR_VIEW_THIS_ORDER={[Function]}
      SET_THIS_ORDER_AS_CURRENT={[Function]}
      history={
        Object {
          "action": "POP",
          "block": [Function],
          "createHref": [Function],
          "go": [Function],
          "goBack": [Function],
          "goForward": [Function],
          "length": 1,
          "listen": [Function],
          "location": Object {
            "hash": "",
            "pathname": "/",
            "search": "",
            "state": undefined,
          },
          "push": [Function],
          "replace": [Function],
        }
      }
      location={Object {}}
      match={Object {}}
    >
      <div
        className="card"
        style={
          Object {
            "margin": "25px",
          }
        }
      >
        <div
          className="card-body"
          style={
            Object {
              "padding": "1.25rem 1.25rem 1rem 1.25rem",
            }
          }
        >
          <h5
            className="card-title"
            style={
              Object {
                "margin": "0.5em 1em 0 0",
              }
            }
          >
            Order List
          </h5>
          <p
            style={
              Object {
                "marginTop": "10px",
              }
            }
          >
            No Orders to display. Do you mind creating a 
            <Link
              replace={false}
              to="/create_order"
            >
              <a
                href="/create_order"
                onClick={[Function]}
              >
                new order
              </a>
            </Link>
            ?
          </p>
        </div>
      </div>
    </OrderList>
  </Route>
</withRouter(OrderList)>
`;
