// Jest Snapshot v1, https://goo.gl/fbAQLP

exports[`Redux store imports redux store 1`] = `
<CookiesProvider>
  <Provider
    store={
      Object {
        "dispatch": [Function],
        "getState": [Function],
        "replaceReducer": [Function],
        "subscribe": [Function],
        Symbol(observable): [Function],
      }
    }
  />
</CookiesProvider>
`;
