// Jest Snapshot v1, https://goo.gl/fbAQLP

exports[`View Order displays order details if he is already logged in 1`] = `
<withRouter(ViewOrder)
  CHECK_THIS_ORDER_OUT={[Function]}
  CURRENTORDER={
    Object {
      "_id": 123123,
      "items": Array [],
    }
  }
  DELETE_THIS_ORDER={[Function]}
  ISLOGGEDIN={true}
  TOTAL={1000}
>
  <Route>
    <ViewOrder
      CHECK_THIS_ORDER_OUT={[Function]}
      CURRENTORDER={
        Object {
          "_id": 123123,
          "items": Array [],
        }
      }
      DELETE_THIS_ORDER={[Function]}
      ISLOGGEDIN={true}
      TOTAL={1000}
      history={
        Object {
          "action": "POP",
          "block": [Function],
          "createHref": [Function],
          "go": [Function],
          "goBack": [Function],
          "goForward": [Function],
          "length": 1,
          "listen": [Function],
          "location": Object {
            "hash": "",
            "pathname": "/",
            "search": "",
            "state": undefined,
          },
          "push": [Function],
          "replace": [Function],
        }
      }
      location={Object {}}
      match={Object {}}
    >
      <div>
        <div
          className="card"
          style={
            Object {
              "margin": "25px",
              "paddingBottom": "50px",
            }
          }
        >
          <div
            className="card-body"
          >
            <div
              className="card border-dark shadow"
              style={
                Object {
                  "margin": "10px 0px 0px 0px",
                }
              }
            >
              <div
                className="card-header text-white bg-dark"
                style={
                  Object {
                    "padding": ".75em .1em",
                  }
                }
              >
                <div
                  className="row"
                  style={
                    Object {
                      "margin": "0px",
                      "width": "100%",
                    }
                  }
                >
                  <div
                    className="col-8 d-flex justify-content-start"
                  >
                    Order ID: 
                    123123
                  </div>
                  <div
                    className="col-4 d-flex justify-content-end"
                  >
                    <b>
                      Rs. 
                      1000.00
                    </b>
                  </div>
                </div>
              </div>
              <ul
                className="list-group list-group-flush"
              />
            </div>
          </div>
        </div>
        <nav
          className="navbar navbar-light bg-light"
          style={
            Object {
              "bottom": "0",
              "overflow": "hidden",
              "paddingRight": "25px",
              "position": "fixed",
              "width": "100%",
              "zIndex": 99,
            }
          }
        >
          <div
            className="card-body"
            style={
              Object {
                "paddingTop": "0px",
              }
            }
          >
            <div
              className="row"
            >
              <div
                className="col-12 d-flex justify-content-end"
              >
                <button
                  className="btn btn-success"
                  onClick={[Function]}
                  style={
                    Object {
                      "marginRight": "10px",
                    }
                  }
                >
                  <i
                    className="fas fa-shopping-cart"
                  />
                   Checkout
                </button>
                <button
                  className="btn btn-danger"
                  onClick={[Function]}
                >
                  <i
                    className="fas fa-times-circle"
                  />
                   Cancel
                </button>
              </div>
            </div>
          </div>
        </nav>
      </div>
    </ViewOrder>
  </Route>
</withRouter(ViewOrder)>
`;
