// Jest Snapshot v1, https://goo.gl/fbAQLP

exports[`<ErrorBoundary /> component renders children when there is no error 1`] = `
<ErrorBoundary>
  <p>
    Hello
  </p>
</ErrorBoundary>
`;

exports[`<ErrorBoundary /> component renders with an error prompt 1`] = `
<ErrorBoundary>
  <h1
    className="d-flex justify-content-center"
    style={
      Object {
        "height": "100%",
        "margin": "10% 0 0 0",
      }
    }
  >
    <span
      className="badge badge-dark"
      style={
        Object {
          "padding": "50px",
        }
      }
    >
      Cannot load the website ... 
      <br />
      <br />
      Want to go back to
      <br />
      <br />
      <Link
        replace={false}
        to="/home"
      >
        <a
          href="/home"
          onClick={[Function]}
        >
          Home Page
        </a>
      </Link>
      ?
    </span>
  </h1>
</ErrorBoundary>
`;
