// Jest Snapshot v1, https://goo.gl/fbAQLP

exports[`<ListItemInAddNewItemsToOrder /> component renders renders 1`] = `
<Provider
  store={
    Object {
      "clearActions": [Function],
      "dispatch": [Function],
      "getActions": [Function],
      "getState": [Function],
      "replaceReducer": [Function],
      "subscribe": [Function],
    }
  }
>
  <BrowserRouter>
    <Router
      history={
        Object {
          "action": "POP",
          "block": [Function],
          "createHref": [Function],
          "go": [Function],
          "goBack": [Function],
          "goForward": [Function],
          "length": 1,
          "listen": [Function],
          "location": Object {
            "hash": "",
            "pathname": "/",
            "search": "",
            "state": undefined,
          },
          "push": [Function],
          "replace": [Function],
        }
      }
    >
      <Connect(ListItemInAddNewItemsToOrder)
        item={
          Object {
            "description": "A aasasas",
            "price": 25,
            "productID": "A",
            "productTitle": "AAA",
            "quantity": 100,
          }
        }
      >
        <ListItemInAddNewItemsToOrder
          currentOrder={Object {}}
          dispatch_AppendThisItemToOrder={[Function]}
          item={
            Object {
              "description": "A aasasas",
              "price": 25,
              "productID": "A",
              "productTitle": "AAA",
              "quantity": 100,
            }
          }
          itemQuantity={Object {}}
          itemsList={
            Array [
              Object {
                "productID": "A",
                "quantity": 1,
              },
            ]
          }
          passKey=""
        >
          <li
            className="list-group-item d-flex justify-content-right"
            style={
              Object {
                "margin": "0px",
                "padding": "0px",
                "width": "100%",
              }
            }
          >
            <div
              className="row"
              style={
                Object {
                  "margin": "0px",
                  "width": "100%",
                }
              }
            >
              <div
                className="col-9 card"
                style={
                  Object {
                    "paddingLeft": "0px",
                  }
                }
              >
                <div
                  className="card-body"
                  style={
                    Object {
                      "padding": "5px",
                    }
                  }
                >
                  <h6
                    className="card-title d-flex justify-content-right"
                  >
                    AAA
                  </h6>
                  <p
                    className="card-subtitle text-muted d-flex justify-content-right"
                    style={
                      Object {
                        "textAlign": "initial",
                      }
                    }
                  >
                    A aasasas
                  </p>
                </div>
              </div>
              <div
                className="col-1 card"
                style={
                  Object {
                    "margin": "auto",
                    "padding": "5px",
                  }
                }
              >
                <button
                  className="btn btn-info btn-block"
                  onClick={[Function]}
                >
                  <i
                    className="fas fa-cart-plus"
                  />
                </button>
              </div>
              <div
                className="col-2 card"
                style={
                  Object {
                    "margin": "auto",
                  }
                }
              >
                <p
                  className="card-text"
                  style={
                    Object {
                      "margin": "0px",
                    }
                  }
                >
                  100
                   Nos
                </p>
                <p
                  className="card-link"
                  style={
                    Object {
                      "margin": "0px",
                    }
                  }
                >
                  @ 
                  <b>
                    Rs. 
                    25.00
                  </b>
                </p>
              </div>
            </div>
          </li>
        </ListItemInAddNewItemsToOrder>
      </Connect(ListItemInAddNewItemsToOrder)>
    </Router>
  </BrowserRouter>
</Provider>
`;
