// Jest Snapshot v1, https://goo.gl/fbAQLP

exports[`<ViewOrder /> component renders with an order 1`] = `
<CookiesProvider>
  <Provider
    store={
      Object {
        "clearActions": [Function],
        "dispatch": [Function],
        "getActions": [Function],
        "getState": [Function],
        "replaceReducer": [Function],
        "subscribe": [Function],
      }
    }
  >
    <BrowserRouter>
      <Router
        history={
          Object {
            "action": "POP",
            "block": [Function],
            "createHref": [Function],
            "go": [Function],
            "goBack": [Function],
            "goForward": [Function],
            "length": 1,
            "listen": [Function],
            "location": Object {
              "hash": "",
              "pathname": "/",
              "search": "",
              "state": undefined,
            },
            "push": [Function],
            "replace": [Function],
          }
        }
      >
        <withRouter(Connect(ViewOrder))>
          <Route>
            <Connect(ViewOrder)
              history={
                Object {
                  "action": "POP",
                  "block": [Function],
                  "createHref": [Function],
                  "go": [Function],
                  "goBack": [Function],
                  "goForward": [Function],
                  "length": 1,
                  "listen": [Function],
                  "location": Object {
                    "hash": "",
                    "pathname": "/",
                    "search": "",
                    "state": undefined,
                  },
                  "push": [Function],
                  "replace": [Function],
                }
              }
              location={
                Object {
                  "hash": "",
                  "pathname": "/",
                  "search": "",
                  "state": undefined,
                }
              }
              match={
                Object {
                  "isExact": true,
                  "params": Object {},
                  "path": "/",
                  "url": "/",
                }
              }
            >
              <ViewOrder
                currentOrder={
                  Object {
                    "_id": "asdadasdasda",
                    "cartID": "abc",
                    "items": Array [
                      Object {
                        "_id": "a",
                        "description": "A aa",
                        "price": 1,
                        "productID": "A",
                        "productTitle": "AAA",
                        "quantity": 10,
                      },
                      Object {
                        "_id": "b",
                        "description": "B bb",
                        "price": 2,
                        "productID": "B",
                        "productTitle": "BBB",
                        "quantity": 20,
                      },
                      Object {
                        "_id": "c",
                        "description": "C cc",
                        "price": 3,
                        "productID": "C",
                        "productTitle": "CCC",
                        "quantity": 30,
                      },
                    ],
                  }
                }
                dispatch_CheckOutOrder={[Function]}
                dispatch_GetTheCompleteItemsList={[Function]}
                dispatch_ResetCurrentOrderStates={[Function]}
                history={
                  Object {
                    "action": "POP",
                    "block": [Function],
                    "createHref": [Function],
                    "go": [Function],
                    "goBack": [Function],
                    "goForward": [Function],
                    "length": 1,
                    "listen": [Function],
                    "location": Object {
                      "hash": "",
                      "pathname": "/",
                      "search": "",
                      "state": undefined,
                    },
                    "push": [Function],
                    "replace": [Function],
                  }
                }
                isLoggedIn={true}
                itemQuantity={
                  Object {
                    "A": 1,
                    "B": 2,
                    "C": 3,
                  }
                }
                itemsList={
                  Array [
                    Object {
                      "_id": "a",
                      "description": "A aa",
                      "price": 1,
                      "productID": "A",
                      "productTitle": "AAA",
                      "quantity": 10,
                    },
                    Object {
                      "_id": "b",
                      "description": "B bb",
                      "price": 2,
                      "productID": "B",
                      "productTitle": "BBB",
                      "quantity": 20,
                    },
                    Object {
                      "_id": "c",
                      "description": "C cc",
                      "price": 3,
                      "productID": "C",
                      "productTitle": "CCC",
                      "quantity": 30,
                    },
                  ]
                }
                location={
                  Object {
                    "hash": "",
                    "pathname": "/",
                    "search": "",
                    "state": undefined,
                  }
                }
                match={
                  Object {
                    "isExact": true,
                    "params": Object {},
                    "path": "/",
                    "url": "/",
                  }
                }
                passKey="abcd"
                total={1100}
                url=""
              >
                <div>
                  <Modal
                    animationDuration={500}
                    blockScroll={true}
                    center={true}
                    classNames={Object {}}
                    classes={
                      Object {
                        "closeButton": "styles_closeButton__20ID4",
                        "closeIcon": "styles_closeIcon__1QwbI",
                        "modal": "styles_modal__gNwvD",
                        "overlay": "styles_overlay__CLSq-",
                        "overlayCenter": "styles_overlayCenter__YHoO7",
                        "transitionEnter": "styles_transitionEnter__3j_-a",
                        "transitionEnterActive": "styles_transitionEnterActive___eQs7",
                        "transitionExit": "styles_transitionExit__1KmEf",
                        "transitionExitActive": "styles_transitionExitActive__1nQXw",
                      }
                    }
                    closeIconId={null}
                    closeIconSize={28}
                    closeIconSvgPath={
                      <path
                        d="M28.5 9.62L26.38 7.5 18 15.88 9.62 7.5 7.5 9.62 15.88 18 7.5 26.38l2.12 2.12L18 20.12l8.38 8.38 2.12-2.12L20.12 18z"
                      />
                    }
                    closeOnEsc={true}
                    closeOnOverlayClick={true}
                    focusTrapOptions={Object {}}
                    focusTrapped={false}
                    modalId={null}
                    onClose={[Function]}
                    onEntered={null}
                    onEscKeyDown={null}
                    onExited={null}
                    onOverlayClick={null}
                    open={false}
                    overlayId={null}
                    showCloseIcon={false}
                    styles={Object {}}
                  />
                  <div
                    className="card"
                    style={
                      Object {
                        "margin": "25px",
                        "paddingBottom": "50px",
                      }
                    }
                  >
                    <div
                      className="card-body"
                    >
                      <div
                        className="card border-dark shadow"
                        style={
                          Object {
                            "margin": "10px 0px 0px 0px",
                          }
                        }
                      >
                        <div
                          className="card-header text-white bg-dark"
                          style={
                            Object {
                              "padding": ".75em .1em",
                            }
                          }
                        >
                          <div
                            className="row"
                            style={
                              Object {
                                "margin": "0px",
                                "width": "100%",
                              }
                            }
                          >
                            <div
                              className="col-8 d-flex"
                              style={
                                Object {
                                  "textAlign": "left",
                                }
                              }
                            >
                              Order ID: 
                              asdadasdasda
                            </div>
                            <div
                              className="col-4 d-flex justify-content-end"
                            >
                              <b>
                                Rs. 
                                1100.00
                              </b>
                            </div>
                          </div>
                        </div>
                        <ul
                          className="list-group list-group-flush"
                        >
                          <Connect(ListItemInViewOrder)
                            key="a"
                            quantity={1}
                            singleItem={
                              Object {
                                "_id": "a",
                                "description": "A aa",
                                "price": 1,
                                "productID": "A",
                                "productTitle": "AAA",
                                "quantity": 10,
                              }
                            }
                          >
                            <ListItemInViewOrder
                              currentOrder={
                                Object {
                                  "_id": "asdadasdasda",
                                  "cartID": "abc",
                                  "items": Array [
                                    Object {
                                      "_id": "a",
                                      "description": "A aa",
                                      "price": 1,
                                      "productID": "A",
                                      "productTitle": "AAA",
                                      "quantity": 10,
                                    },
                                    Object {
                                      "_id": "b",
                                      "description": "B bb",
                                      "price": 2,
                                      "productID": "B",
                                      "productTitle": "BBB",
                                      "quantity": 20,
                                    },
                                    Object {
                                      "_id": "c",
                                      "description": "C cc",
                                      "price": 3,
                                      "productID": "C",
                                      "productTitle": "CCC",
                                      "quantity": 30,
                                    },
                                  ],
                                }
                              }
                              dispatch={[Function]}
                              itemQuantity={
                                Object {
                                  "A": 1,
                                  "B": 2,
                                  "C": 3,
                                }
                              }
                              itemsList={
                                Array [
                                  Object {
                                    "_id": "a",
                                    "description": "A aa",
                                    "price": 1,
                                    "productID": "A",
                                    "productTitle": "AAA",
                                    "quantity": 10,
                                  },
                                  Object {
                                    "_id": "b",
                                    "description": "B bb",
                                    "price": 2,
                                    "productID": "B",
                                    "productTitle": "BBB",
                                    "quantity": 20,
                                  },
                                  Object {
                                    "_id": "c",
                                    "description": "C cc",
                                    "price": 3,
                                    "productID": "C",
                                    "productTitle": "CCC",
                                    "quantity": 30,
                                  },
                                ]
                              }
                              passKey="abcd"
                              quantity={1}
                              singleItem={
                                Object {
                                  "_id": "a",
                                  "description": "A aa",
                                  "price": 1,
                                  "productID": "A",
                                  "productTitle": "AAA",
                                  "quantity": 10,
                                }
                              }
                            >
                              <li
                                className="list-group-item d-flex justify-content-right"
                                style={
                                  Object {
                                    "margin": "0px",
                                    "padding": "0px",
                                    "width": "100%",
                                  }
                                }
                              >
                                <div
                                  className="row"
                                  style={
                                    Object {
                                      "margin": "0px",
                                      "width": "100%",
                                    }
                                  }
                                >
                                  <div
                                    className="col-8 card"
                                  >
                                    <div
                                      className="card-body"
                                      style={
                                        Object {
                                          "padding": "5px 0px",
                                        }
                                      }
                                    >
                                      <h6
                                        className="card-title d-flex justify-content-right"
                                      >
                                        AAA
                                      </h6>
                                      <p
                                        className="card-subtitle text-muted"
                                        style={
                                          Object {
                                            "textAlign": "left",
                                          }
                                        }
                                      >
                                        A aa
                                      </p>
                                    </div>
                                  </div>
                                  <div
                                    className="col-2 card"
                                  >
                                    <div
                                      className="card-body d-flex align-items-center"
                                      style={
                                        Object {
                                          "padding": "5px 0px",
                                        }
                                      }
                                    >
                                      <Connect(ItemCounterInListItem)
                                        count={1}
                                        max={20}
                                        min={1}
                                        name="A"
                                      >
                                        <ItemCounterInListItem
                                          count={1}
                                          dispatch_QuickDeleteThisItemFromQuantity={[Function]}
                                          dispatch_QuickIndecrementItemFromQuantity={[Function]}
                                          itemsList={
                                            Array [
                                              Object {
                                                "_id": "a",
                                                "description": "A aa",
                                                "price": 1,
                                                "productID": "A",
                                                "productTitle": "AAA",
                                                "quantity": 10,
                                              },
                                              Object {
                                                "_id": "b",
                                                "description": "B bb",
                                                "price": 2,
                                                "productID": "B",
                                                "productTitle": "BBB",
                                                "quantity": 20,
                                              },
                                              Object {
                                                "_id": "c",
                                                "description": "C cc",
                                                "price": 3,
                                                "productID": "C",
                                                "productTitle": "CCC",
                                                "quantity": 30,
                                              },
                                            ]
                                          }
                                          max={20}
                                          min={1}
                                          name="A"
                                          passKey="abcd"
                                        >
                                          <div
                                            aria-label="Toolbar with button groups"
                                            className="btn-toolbar"
                                            role="toolbar"
                                          >
                                            <div
                                              aria-label="Item-Group"
                                              className="btn-group"
                                              role="group"
                                            >
                                              <button
                                                className="btn btn-secondary"
                                                onClick={[Function]}
                                                type="button"
                                              >
                                                +
                                              </button>
                                              <div
                                                style={
                                                  Object {
                                                    "textAlign": "center",
                                                    "width": "3em",
                                                  }
                                                }
                                              >
                                                <span
                                                  className="input-group-text"
                                                  style={
                                                    Object {
                                                      "borderRadius": "0px",
                                                      "display": "inline-block",
                                                      "height": "100%",
                                                      "width": "100%",
                                                    }
                                                  }
                                                >
                                                  1
                                                </span>
                                              </div>
                                              <button
                                                className="btn btn-secondary"
                                                onClick={[Function]}
                                                type="button"
                                              >
                                                −
                                              </button>
                                            </div>
                                            <div
                                              aria-label="Delete-Group"
                                              className="btn-group"
                                              role="group"
                                              style={
                                                Object {
                                                  "marginLeft": "10px",
                                                }
                                              }
                                            >
                                              <button
                                                className="btn btn-danger"
                                                onClick={[Function]}
                                                type="button"
                                              >
                                                <i
                                                  className="fas fa-trash"
                                                />
                                              </button>
                                            </div>
                                          </div>
                                        </ItemCounterInListItem>
                                      </Connect(ItemCounterInListItem)>
                                    </div>
                                  </div>
                                  <div
                                    className="col-2 card text-right"
                                  >
                                    <p
                                      className="card-text"
                                      style={
                                        Object {
                                          "margin": "5px 0 0 0",
                                        }
                                      }
                                    >
                                      @ 
                                      1.00
                                    </p>
                                    <p
                                      className="card-link"
                                      style={
                                        Object {
                                          "margin": "0px",
                                        }
                                      }
                                    >
                                      <b>
                                        Rs. 
                                        10.00
                                      </b>
                                    </p>
                                  </div>
                                </div>
                              </li>
                            </ListItemInViewOrder>
                          </Connect(ListItemInViewOrder)>
                          <Connect(ListItemInViewOrder)
                            key="b"
                            quantity={2}
                            singleItem={
                              Object {
                                "_id": "b",
                                "description": "B bb",
                                "price": 2,
                                "productID": "B",
                                "productTitle": "BBB",
                                "quantity": 20,
                              }
                            }
                          >
                            <ListItemInViewOrder
                              currentOrder={
                                Object {
                                  "_id": "asdadasdasda",
                                  "cartID": "abc",
                                  "items": Array [
                                    Object {
                                      "_id": "a",
                                      "description": "A aa",
                                      "price": 1,
                                      "productID": "A",
                                      "productTitle": "AAA",
                                      "quantity": 10,
                                    },
                                    Object {
                                      "_id": "b",
                                      "description": "B bb",
                                      "price": 2,
                                      "productID": "B",
                                      "productTitle": "BBB",
                                      "quantity": 20,
                                    },
                                    Object {
                                      "_id": "c",
                                      "description": "C cc",
                                      "price": 3,
                                      "productID": "C",
                                      "productTitle": "CCC",
                                      "quantity": 30,
                                    },
                                  ],
                                }
                              }
                              dispatch={[Function]}
                              itemQuantity={
                                Object {
                                  "A": 1,
                                  "B": 2,
                                  "C": 3,
                                }
                              }
                              itemsList={
                                Array [
                                  Object {
                                    "_id": "a",
                                    "description": "A aa",
                                    "price": 1,
                                    "productID": "A",
                                    "productTitle": "AAA",
                                    "quantity": 10,
                                  },
                                  Object {
                                    "_id": "b",
                                    "description": "B bb",
                                    "price": 2,
                                    "productID": "B",
                                    "productTitle": "BBB",
                                    "quantity": 20,
                                  },
                                  Object {
                                    "_id": "c",
                                    "description": "C cc",
                                    "price": 3,
                                    "productID": "C",
                                    "productTitle": "CCC",
                                    "quantity": 30,
                                  },
                                ]
                              }
                              passKey="abcd"
                              quantity={2}
                              singleItem={
                                Object {
                                  "_id": "b",
                                  "description": "B bb",
                                  "price": 2,
                                  "productID": "B",
                                  "productTitle": "BBB",
                                  "quantity": 20,
                                }
                              }
                            >
                              <li
                                className="list-group-item d-flex justify-content-right"
                                style={
                                  Object {
                                    "margin": "0px",
                                    "padding": "0px",
                                    "width": "100%",
                                  }
                                }
                              >
                                <div
                                  className="row"
                                  style={
                                    Object {
                                      "margin": "0px",
                                      "width": "100%",
                                    }
                                  }
                                >
                                  <div
                                    className="col-8 card"
                                  >
                                    <div
                                      className="card-body"
                                      style={
                                        Object {
                                          "padding": "5px 0px",
                                        }
                                      }
                                    >
                                      <h6
                                        className="card-title d-flex justify-content-right"
                                      >
                                        BBB
                                      </h6>
                                      <p
                                        className="card-subtitle text-muted"
                                        style={
                                          Object {
                                            "textAlign": "left",
                                          }
                                        }
                                      >
                                        B bb
                                      </p>
                                    </div>
                                  </div>
                                  <div
                                    className="col-2 card"
                                  >
                                    <div
                                      className="card-body d-flex align-items-center"
                                      style={
                                        Object {
                                          "padding": "5px 0px",
                                        }
                                      }
                                    >
                                      <Connect(ItemCounterInListItem)
                                        count={2}
                                        max={40}
                                        min={1}
                                        name="B"
                                      >
                                        <ItemCounterInListItem
                                          count={2}
                                          dispatch_QuickDeleteThisItemFromQuantity={[Function]}
                                          dispatch_QuickIndecrementItemFromQuantity={[Function]}
                                          itemsList={
                                            Array [
                                              Object {
                                                "_id": "a",
                                                "description": "A aa",
                                                "price": 1,
                                                "productID": "A",
                                                "productTitle": "AAA",
                                                "quantity": 10,
                                              },
                                              Object {
                                                "_id": "b",
                                                "description": "B bb",
                                                "price": 2,
                                                "productID": "B",
                                                "productTitle": "BBB",
                                                "quantity": 20,
                                              },
                                              Object {
                                                "_id": "c",
                                                "description": "C cc",
                                                "price": 3,
                                                "productID": "C",
                                                "productTitle": "CCC",
                                                "quantity": 30,
                                              },
                                            ]
                                          }
                                          max={40}
                                          min={1}
                                          name="B"
                                          passKey="abcd"
                                        >
                                          <div
                                            aria-label="Toolbar with button groups"
                                            className="btn-toolbar"
                                            role="toolbar"
                                          >
                                            <div
                                              aria-label="Item-Group"
                                              className="btn-group"
                                              role="group"
                                            >
                                              <button
                                                className="btn btn-secondary"
                                                onClick={[Function]}
                                                type="button"
                                              >
                                                +
                                              </button>
                                              <div
                                                style={
                                                  Object {
                                                    "textAlign": "center",
                                                    "width": "3em",
                                                  }
                                                }
                                              >
                                                <span
                                                  className="input-group-text"
                                                  style={
                                                    Object {
                                                      "borderRadius": "0px",
                                                      "display": "inline-block",
                                                      "height": "100%",
                                                      "width": "100%",
                                                    }
                                                  }
                                                >
                                                  2
                                                </span>
                                              </div>
                                              <button
                                                className="btn btn-secondary"
                                                onClick={[Function]}
                                                type="button"
                                              >
                                                −
                                              </button>
                                            </div>
                                            <div
                                              aria-label="Delete-Group"
                                              className="btn-group"
                                              role="group"
                                              style={
                                                Object {
                                                  "marginLeft": "10px",
                                                }
                                              }
                                            >
                                              <button
                                                className="btn btn-danger"
                                                onClick={[Function]}
                                                type="button"
                                              >
                                                <i
                                                  className="fas fa-trash"
                                                />
                                              </button>
                                            </div>
                                          </div>
                                        </ItemCounterInListItem>
                                      </Connect(ItemCounterInListItem)>
                                    </div>
                                  </div>
                                  <div
                                    className="col-2 card text-right"
                                  >
                                    <p
                                      className="card-text"
                                      style={
                                        Object {
                                          "margin": "5px 0 0 0",
                                        }
                                      }
                                    >
                                      @ 
                                      2.00
                                    </p>
                                    <p
                                      className="card-link"
                                      style={
                                        Object {
                                          "margin": "0px",
                                        }
                                      }
                                    >
                                      <b>
                                        Rs. 
                                        40.00
                                      </b>
                                    </p>
                                  </div>
                                </div>
                              </li>
                            </ListItemInViewOrder>
                          </Connect(ListItemInViewOrder)>
                          <Connect(ListItemInViewOrder)
                            key="c"
                            quantity={3}
                            singleItem={
                              Object {
                                "_id": "c",
                                "description": "C cc",
                                "price": 3,
                                "productID": "C",
                                "productTitle": "CCC",
                                "quantity": 30,
                              }
                            }
                          >
                            <ListItemInViewOrder
                              currentOrder={
                                Object {
                                  "_id": "asdadasdasda",
                                  "cartID": "abc",
                                  "items": Array [
                                    Object {
                                      "_id": "a",
                                      "description": "A aa",
                                      "price": 1,
                                      "productID": "A",
                                      "productTitle": "AAA",
                                      "quantity": 10,
                                    },
                                    Object {
                                      "_id": "b",
                                      "description": "B bb",
                                      "price": 2,
                                      "productID": "B",
                                      "productTitle": "BBB",
                                      "quantity": 20,
                                    },
                                    Object {
                                      "_id": "c",
                                      "description": "C cc",
                                      "price": 3,
                                      "productID": "C",
                                      "productTitle": "CCC",
                                      "quantity": 30,
                                    },
                                  ],
                                }
                              }
                              dispatch={[Function]}
                              itemQuantity={
                                Object {
                                  "A": 1,
                                  "B": 2,
                                  "C": 3,
                                }
                              }
                              itemsList={
                                Array [
                                  Object {
                                    "_id": "a",
                                    "description": "A aa",
                                    "price": 1,
                                    "productID": "A",
                                    "productTitle": "AAA",
                                    "quantity": 10,
                                  },
                                  Object {
                                    "_id": "b",
                                    "description": "B bb",
                                    "price": 2,
                                    "productID": "B",
                                    "productTitle": "BBB",
                                    "quantity": 20,
                                  },
                                  Object {
                                    "_id": "c",
                                    "description": "C cc",
                                    "price": 3,
                                    "productID": "C",
                                    "productTitle": "CCC",
                                    "quantity": 30,
                                  },
                                ]
                              }
                              passKey="abcd"
                              quantity={3}
                              singleItem={
                                Object {
                                  "_id": "c",
                                  "description": "C cc",
                                  "price": 3,
                                  "productID": "C",
                                  "productTitle": "CCC",
                                  "quantity": 30,
                                }
                              }
                            >
                              <li
                                className="list-group-item d-flex justify-content-right"
                                style={
                                  Object {
                                    "margin": "0px",
                                    "padding": "0px",
                                    "width": "100%",
                                  }
                                }
                              >
                                <div
                                  className="row"
                                  style={
                                    Object {
                                      "margin": "0px",
                                      "width": "100%",
                                    }
                                  }
                                >
                                  <div
                                    className="col-8 card"
                                  >
                                    <div
                                      className="card-body"
                                      style={
                                        Object {
                                          "padding": "5px 0px",
                                        }
                                      }
                                    >
                                      <h6
                                        className="card-title d-flex justify-content-right"
                                      >
                                        CCC
                                      </h6>
                                      <p
                                        className="card-subtitle text-muted"
                                        style={
                                          Object {
                                            "textAlign": "left",
                                          }
                                        }
                                      >
                                        C cc
                                      </p>
                                    </div>
                                  </div>
                                  <div
                                    className="col-2 card"
                                  >
                                    <div
                                      className="card-body d-flex align-items-center"
                                      style={
                                        Object {
                                          "padding": "5px 0px",
                                        }
                                      }
                                    >
                                      <Connect(ItemCounterInListItem)
                                        count={3}
                                        max={60}
                                        min={1}
                                        name="C"
                                      >
                                        <ItemCounterInListItem
                                          count={3}
                                          dispatch_QuickDeleteThisItemFromQuantity={[Function]}
                                          dispatch_QuickIndecrementItemFromQuantity={[Function]}
                                          itemsList={
                                            Array [
                                              Object {
                                                "_id": "a",
                                                "description": "A aa",
                                                "price": 1,
                                                "productID": "A",
                                                "productTitle": "AAA",
                                                "quantity": 10,
                                              },
                                              Object {
                                                "_id": "b",
                                                "description": "B bb",
                                                "price": 2,
                                                "productID": "B",
                                                "productTitle": "BBB",
                                                "quantity": 20,
                                              },
                                              Object {
                                                "_id": "c",
                                                "description": "C cc",
                                                "price": 3,
                                                "productID": "C",
                                                "productTitle": "CCC",
                                                "quantity": 30,
                                              },
                                            ]
                                          }
                                          max={60}
                                          min={1}
                                          name="C"
                                          passKey="abcd"
                                        >
                                          <div
                                            aria-label="Toolbar with button groups"
                                            className="btn-toolbar"
                                            role="toolbar"
                                          >
                                            <div
                                              aria-label="Item-Group"
                                              className="btn-group"
                                              role="group"
                                            >
                                              <button
                                                className="btn btn-secondary"
                                                onClick={[Function]}
                                                type="button"
                                              >
                                                +
                                              </button>
                                              <div
                                                style={
                                                  Object {
                                                    "textAlign": "center",
                                                    "width": "3em",
                                                  }
                                                }
                                              >
                                                <span
                                                  className="input-group-text"
                                                  style={
                                                    Object {
                                                      "borderRadius": "0px",
                                                      "display": "inline-block",
                                                      "height": "100%",
                                                      "width": "100%",
                                                    }
                                                  }
                                                >
                                                  3
                                                </span>
                                              </div>
                                              <button
                                                className="btn btn-secondary"
                                                onClick={[Function]}
                                                type="button"
                                              >
                                                −
                                              </button>
                                            </div>
                                            <div
                                              aria-label="Delete-Group"
                                              className="btn-group"
                                              role="group"
                                              style={
                                                Object {
                                                  "marginLeft": "10px",
                                                }
                                              }
                                            >
                                              <button
                                                className="btn btn-danger"
                                                onClick={[Function]}
                                                type="button"
                                              >
                                                <i
                                                  className="fas fa-trash"
                                                />
                                              </button>
                                            </div>
                                          </div>
                                        </ItemCounterInListItem>
                                      </Connect(ItemCounterInListItem)>
                                    </div>
                                  </div>
                                  <div
                                    className="col-2 card text-right"
                                  >
                                    <p
                                      className="card-text"
                                      style={
                                        Object {
                                          "margin": "5px 0 0 0",
                                        }
                                      }
                                    >
                                      @ 
                                      3.00
                                    </p>
                                    <p
                                      className="card-link"
                                      style={
                                        Object {
                                          "margin": "0px",
                                        }
                                      }
                                    >
                                      <b>
                                        Rs. 
                                        90.00
                                      </b>
                                    </p>
                                  </div>
                                </div>
                              </li>
                            </ListItemInViewOrder>
                          </Connect(ListItemInViewOrder)>
                        </ul>
                      </div>
                    </div>
                  </div>
                  <nav
                    className="navbar navbar-light bg-light"
                    style={
                      Object {
                        "bottom": "0",
                        "overflow": "hidden",
                        "paddingRight": "25px",
                        "position": "fixed",
                        "width": "100%",
                        "zIndex": 99,
                      }
                    }
                  >
                    <div
                      className="card-body"
                      style={
                        Object {
                          "paddingTop": "0px",
                        }
                      }
                    >
                      <div
                        className="row"
                      >
                        <div
                          className="col-4 d-flex justify-content-start d-inline"
                        >
                          <button
                            className="btn btn-primary"
                            onClick={[Function]}
                            style={
                              Object {
                                "marginLeft": "10px",
                              }
                            }
                          >
                            <i
                              className="fas fa-plus-circle"
                            />
                             Add Items
                          </button>
                        </div>
                        <div
                          className="col-8 d-flex justify-content-end"
                        >
                          <button
                            className="btn btn-success"
                            onClick={[Function]}
                            style={
                              Object {
                                "marginRight": "10px",
                              }
                            }
                          >
                            <i
                              className="fas fa-shopping-cart"
                            />
                             Checkout
                          </button>
                          <button
                            className="btn btn-danger"
                            onClick={[Function]}
                          >
                            <i
                              className="fas fa-times-circle"
                            />
                             Cancel
                          </button>
                        </div>
                      </div>
                    </div>
                  </nav>
                </div>
              </ViewOrder>
            </Connect(ViewOrder)>
          </Route>
        </withRouter(Connect(ViewOrder))>
      </Router>
    </BrowserRouter>
  </Provider>
</CookiesProvider>
`;
